LX51 LINKER/LOCATER V4.66.62.0                                                          07/24/2019  20:38:06  PAGE 1


LX51 LINKER/LOCATER V4.66.62.0, INVOKED BY:
C:\KEIL_V5\C51\BIN\LX51.EXE STARTUP.obj, main.obj, INIT.obj, f300_init.obj TO HM133dtmf CLASSES (CODE (C:0X0-C:0X1FFF), 
>> CONST (C:0X0-C:0X1FFF), ECODE (C:0X0-C:0X1FFF), HCONST (C:0X0-C:0X1FFF)) SEGMENTS (?CO?MAIN (^0X1FFF))


CPU MODE:     8051 MODE
MEMORY MODEL: LARGE


INPUT MODULES INCLUDED:
  STARTUP.obj (?C_STARTUP)
         COMMENT TYPE 1: A51 / ASM51 Assembler
  main.obj (MAIN)
         COMMENT TYPE 0: C51 V9.55
  INIT.obj (?C_INIT)
         COMMENT TYPE 1: A51 / ASM51 Assembler
  f300_init.obj (F300_INIT)
         COMMENT TYPE 0: C51 V9.55
  C:\KEIL_V5\C51\LIB\C51L.LIB (?C?IILDX)
         COMMENT TYPE 1: A51 / ASM51 Assembler
  C:\KEIL_V5\C51\LIB\C51L.LIB (?C?LADD)
         COMMENT TYPE 1: A51 / ASM51 Assembler
  C:\KEIL_V5\C51\LIB\C51L.LIB (?C?LSUB)
         COMMENT TYPE 1: A51 / ASM51 Assembler
  C:\KEIL_V5\C51\LIB\C51L.LIB (?C?LOR)
         COMMENT TYPE 1: A51 / ASM51 Assembler
  C:\KEIL_V5\C51\LIB\C51L.LIB (?C?ULCMP)
         COMMENT TYPE 1: A51 / ASM51 Assembler
  C:\KEIL_V5\C51\LIB\C51L.LIB (?C?LSHL)
         COMMENT TYPE 1: A51 / ASM51 Assembler
  C:\KEIL_V5\C51\LIB\C51L.LIB (?C?LLDXDATA)
         COMMENT TYPE 1: A51 / ASM51 Assembler
  C:\KEIL_V5\C51\LIB\C51L.LIB (?C?LLDXDATA0)
         COMMENT TYPE 1: A51 / ASM51 Assembler
  C:\KEIL_V5\C51\LIB\C51L.LIB (?C?LSTXDATA)
         COMMENT TYPE 1: A51 / ASM51 Assembler
  C:\KEIL_V5\C51\LIB\C51L.LIB (?C?LSTKXDATA)
         COMMENT TYPE 1: A51 / ASM51 Assembler
  C:\KEIL_V5\C51\LIB\C51L.LIB (?C_XBP)
         COMMENT TYPE 1: A51 / ASM51 Assembler


ACTIVE MEMORY CLASSES OF MODULE:  HM133dtmf (?C_STARTUP)

BASE        START       END         USED      MEMORY CLASS
==========================================================
C:000000H   C:000000H   C:001FFFH   00043BH   CODE
C:000000H   C:000000H   C:001FFFH   000068H   CONST
C:000000H   C:000000H   C:001FFFH             ECODE
B00:0000H   C:000000H   C:001FFFH             HCONST
I:000000H   I:000000H   I:0000FFH   000028H   IDATA
I:000020H.0 I:000020H.0 I:00002FH.7 000000H.1 BIT
X:000000H   X:000000H   X:00FFFFH   00004FH   XDATA
I:000000H   I:000000H   I:00007FH   000012H   DATA


MEMORY MAP OF MODULE:  HM133dtmf (?C_STARTUP)


START     STOP      LENGTH    ALIGN  RELOC    MEMORY CLASS   SEGMENT NAME
=========================================================================

* * * * * * * * * * *   D A T A   M E M O R Y   * * * * * * * * * * * * *
000000H   000007H   000008H   ---    AT..     DATA           "REG BANK 0"
000008H   000009H   000002H   BYTE   UNIT     DATA           ?C?LIB_DATA
00000AH   00000FH   000006H   ---    ---      **GAP**
LX51 LINKER/LOCATER V4.66.62.0                                                        07/24/2019  20:38:06  PAGE 2


000010H   000017H   000008H   ---    AT..     DATA           "REG BANK 2"
000018H.0 00001FH.7 000008H.0 ---    ---      **GAP**
000020H.0 000020H.0 000000H.1 BIT    UNIT     BIT            _BIT_GROUP_
000020H.1 000020H   000000H.7 ---    ---      **GAP**
000021H   000048H   000028H   BYTE   UNIT     IDATA          ?STACK

* * * * * * * * * * *   C O D E   M E M O R Y   * * * * * * * * * * * * *
000000H   000002H   000003H   ---    OFFS..   CODE           ?CO??C_STARTUP?0
000003H   00001FH   00001DH   BYTE   UNIT     CODE           ?PR?_WAIT?MAIN
000020H   000029H   00000AH   BYTE   UNIT     CODE           ?PR?SPI_INIT?F300_INIT
00002AH   00002AH   000001H   BYTE   UNIT     CODE           ?C_INITSEG
00002BH   00002DH   000003H   BYTE   OFFS..   CODE           ?MAIN?0002B
00002EH   000046H   000019H   BYTE   UNIT     CODE           ?PR?TIMER_INIT?F300_INIT
000047H   00004AH   000004H   BYTE   UNIT     CODE           ?PR?PCA_INIT?F300_INIT
00004BH   00004DH   000003H   BYTE   OFFS..   CODE           ?MAIN?0004B
00004EH   00023FH   0001F2H   BYTE   UNIT     CODE           ?PR?PCA_INTR?MAIN
000240H   0002F6H   0000B7H   BYTE   UNIT     CODE           ?C?LIB_CODE
0002F7H   00038CH   000096H   BYTE   UNIT     CODE           ?C_C51STARTUP
00038DH   0003C2H   000036H   BYTE   UNIT     CODE           ?PR?TIMER2_ISR?MAIN
0003C3H   0003F1H   00002FH   BYTE   UNIT     CODE           ?PR?MAIN?MAIN
0003F2H   000409H   000018H   BYTE   UNIT     CODE           ?PR?INIT_DEVICE?F300_INIT
00040AH   00041EH   000015H   BYTE   UNIT     CODE           ?PR?RESET_SOURCES_INIT?F300_INIT
00041FH   00042BH   00000DH   BYTE   UNIT     CODE           ?PR?PORT_IO_INIT?F300_INIT
00042CH   000432H   000007H   BYTE   UNIT     CODE           ?PR?INTERRUPTS_INIT?F300_INIT
000433H   000436H   000004H   BYTE   UNIT     CODE           ?PR?UART_INIT?F300_INIT
000437H   00043AH   000004H   BYTE   UNIT     CODE           ?PR?OSCILLATOR_INIT?F300_INIT

* * * * * * * * * * *  X D A T A   M E M O R Y  * * * * * * * * * * * * *
000000H   000046H   000047H   BYTE   UNIT     XDATA          ?XD?MAIN
000047H   00004EH   000008H   BYTE   UNIT     XDATA          _XDATA_GROUP_



OVERLAY MAP OF MODULE:   HM133dtmf (?C_STARTUP)


FUNCTION/MODULE                    BIT_GROUP   XDATA_GROUP
--> CALLED FUNCTION/MODULE        START  STOP  START  STOP
==========================================================
?C_C51STARTUP                     ----- -----  ----- -----
  +--> MAIN/MAIN
  +--> ?C_INITSEG

MAIN/MAIN                         20H.0 20H.0  ----- -----
  +--> INIT_DEVICE/F300_INIT
  +--> _WAIT/MAIN

INIT_DEVICE/F300_INIT             ----- -----  ----- -----
  +--> RESET_SOURCES_INIT/F300_INIT
  +--> PCA_INIT/F300_INIT
  +--> TIMER_INIT/F300_INIT
  +--> UART_INIT/F300_INIT
  +--> SPI_INIT/F300_INIT
  +--> PORT_IO_INIT/F300_INIT
  +--> OSCILLATOR_INIT/F300_INIT
  +--> INTERRUPTS_INIT/F300_INIT

RESET_SOURCES_INIT/F300_INIT      ----- -----  ----- -----

PCA_INIT/F300_INIT                ----- -----  ----- -----

TIMER_INIT/F300_INIT              ----- -----  ----- -----

UART_INIT/F300_INIT               ----- -----  ----- -----

LX51 LINKER/LOCATER V4.66.62.0                                                        07/24/2019  20:38:06  PAGE 3


SPI_INIT/F300_INIT                ----- -----  ----- -----

PORT_IO_INIT/F300_INIT            ----- -----  ----- -----

OSCILLATOR_INIT/F300_INIT         ----- -----  ----- -----

INTERRUPTS_INIT/F300_INIT         ----- -----  ----- -----

_WAIT/MAIN                        ----- -----  ----- -----

?C_INITSEG                        ----- -----  ----- -----

*** NEW ROOT ********************

PCA_INTR/MAIN                     ----- -----  0047H 004EH

*** NEW ROOT ********************

TIMER2_ISR/MAIN                   ----- -----  ----- -----



PUBLIC SYMBOLS OF MODULE:  HM133dtmf (?C_STARTUP)


      VALUE       CLASS    TYPE      PUBLIC SYMBOL NAME
      =================================================
      00000000H   NUMBER   ---       ?C?CODESEG
      01000240H   CODE     ---       ?C?IILDX
      01000256H   CODE     ---       ?C?LADD
      010002A2H   CODE     ---       ?C?LLDXDATA
      010002AEH   CODE     ---       ?C?LLDXDATA0
      01000271H   CODE     ---       ?C?LOR
      0100028FH   CODE     ---       ?C?LSHL
      010002C6H   CODE     ---       ?C?LSTKXDATA
      010002BAH   CODE     ---       ?C?LSTXDATA
      01000263H   CODE     ---       ?C?LSUB
      0100027EH   CODE     ---       ?C?ULCMP
      00000000H   NUMBER   ---       ?C?XDATASEG
      01000348H   CODE     ---       ?C_START
      01000000H   CODE     ---       ?C_STARTUP
      00000008H   DATA     ---       ?C_XBP
      01000003H   CODE     ---       _wait
*SFR* 000000D0H.6 DATA     BIT       AC
*SFR* 000000E0H   DATA     BYTE      ACC
*SFR* 000000E8H.4 DATA     BIT       AD0BUSY
*SFR* 000000E8H   DATA     BIT       AD0CM0
*SFR* 000000E8H.1 DATA     BIT       AD0CM1
*SFR* 000000E8H.7 DATA     BIT       AD0EN
*SFR* 000000E8H.5 DATA     BIT       AD0INT
*SFR* 000000E8H.2 DATA     BIT       AD0LJST
*SFR* 000000E8H.3 DATA     BIT       AD0WINT
*SFR* 000000BCH   DATA     BYTE      ADC0CF
*SFR* 000000E8H   DATA     BYTE      ADC0CN
*SFR* 000000C4H   DATA     BYTE      ADC0GTH
*SFR* 000000C3H   DATA     BYTE      ADC0GTL
*SFR* 000000BEH   DATA     BYTE      ADC0H
*SFR* 000000BDH   DATA     BYTE      ADC0L
*SFR* 000000C6H   DATA     BYTE      ADC0LTH
*SFR* 000000C5H   DATA     BYTE      ADC0LTL
*SFR* 000000BBH   DATA     BYTE      ADC0MX
*SFR* 000000BAH   DATA     BYTE      ADC0TK
*SFR* 000000F0H   DATA     BYTE      B
*SFR* 000000E8H.6 DATA     BIT       BURSTEN
*SFR* 000000D8H   DATA     BIT       CCF0
LX51 LINKER/LOCATER V4.66.62.0                                                        07/24/2019  20:38:06  PAGE 4


*SFR* 000000D8H.1 DATA     BIT       CCF1
*SFR* 000000D8H.2 DATA     BIT       CCF2
*SFR* 000000D8H.7 DATA     BIT       CF
*SFR* 0000008EH   DATA     BYTE      CKCON
*SFR* 000000A9H   DATA     BYTE      CLKSEL
*SFR* 0000009BH   DATA     BYTE      CPT0CN
*SFR* 0000009DH   DATA     BYTE      CPT0MD
*SFR* 0000009FH   DATA     BYTE      CPT0MX
*SFR* 000000D8H.6 DATA     BIT       CR
*SFR* 000000D0H.7 DATA     BIT       CY
      02000023H   XDATA    BYTE      dbounce_tmr
*SFR* 00000090H   DATA     BIT       DMUTE
*SFR* 00000090H.4 DATA     BIT       DN
*SFR* 00000083H   DATA     BYTE      DPH
*SFR* 00000082H   DATA     BYTE      DPL
*SFR* 000000A8H.7 DATA     BIT       EA
*SFR* 000000E6H   DATA     BYTE      EIE1
*SFR* 000000F6H   DATA     BYTE      EIP1
*SFR* 000000A8H.4 DATA     BIT       ES0
*SFR* 000000A8H.6 DATA     BIT       ESPI0
*SFR* 000000A8H.1 DATA     BIT       ET0
*SFR* 000000A8H.3 DATA     BIT       ET1
*SFR* 000000A8H.5 DATA     BIT       ET2
*SFR* 000000A8H   DATA     BIT       EX0
*SFR* 000000A8H.2 DATA     BIT       EX1
*SFR* 000000D0H.5 DATA     BIT       F0
*SFR* 000000D0H.1 DATA     BIT       F1
*SFR* 000000B7H   DATA     BYTE      FLKEY
   S1:00000000H   CONST    ---       fnkey_code
      0200002DH   XDATA    ---       hm_buf
      0200000FH   XDATA    ---       hm_cap_buf
      02000029H   XDATA    BYTE      hm_chptr
      0200002CH   XDATA    BYTE      hm_ctptr
      02000041H   XDATA    BYTE      hm_hptr
      02000042H   XDATA    ---       hm_status_buf
      0200000EH   XDATA    BYTE      hm_tptr
      02000027H   XDATA    WORD      hmd_timer
      02000024H   XDATA    WORD      hmkey_timer
*SFR* 000000A8H   DATA     BYTE      IE
*SFR* 00000088H.1 DATA     BIT       IE0
*SFR* 00000088H.3 DATA     BIT       IE1
      010003F2H   CODE     ---       Init_Device
      0100042CH   CODE     ---       Interrupts_Init
*SFR* 000000B8H   DATA     BYTE      IP
      02000026H   XDATA    BYTE      iplTMR
*SFR* 00000088H   DATA     BIT       IT0
*SFR* 000000E4H   DATA     BYTE      IT01CF
*SFR* 00000088H.2 DATA     BIT       IT1
   S1:00000034H   CONST    ---       key_addr
   S1:0000001AH   CONST    ---       key_code
*SFR* 00000092H   DATA     BYTE      LINADDR
*SFR* 00000095H   DATA     BYTE      LINCF
*SFR* 00000093H   DATA     BYTE      LINDATA
      010003C3H   CODE     ---       main
*SFR* 00000098H.5 DATA     BIT       MCE0
*SFR* 00000090H.7 DATA     BIT       MDATA
*SFR* 00000090H.6 DATA     BIT       MMUTE_N
*SFR* 000000F8H.5 DATA     BIT       MODF
*SFR* 000000F8H.2 DATA     BIT       NSSMD0
*SFR* 000000F8H.3 DATA     BIT       NSSMD1
*SFR* 000000B3H   DATA     BYTE      OSCICL
*SFR* 000000B2H   DATA     BYTE      OSCICN
*SFR* 000000B0H   DATA     BYTE      OSCIFIN
      01000437H   CODE     ---       Oscillator_Init
*SFR* 000000B1H   DATA     BYTE      OSCXCN
LX51 LINKER/LOCATER V4.66.62.0                                                        07/24/2019  20:38:06  PAGE 5


*SFR* 000000D0H.2 DATA     BIT       OV
*SFR* 000000D0H   DATA     BIT       P
*SFR* 00000080H   DATA     BYTE      P0
*SFR* 000000C7H   DATA     BYTE      P0MASK
*SFR* 000000D7H   DATA     BYTE      P0MAT
*SFR* 000000F1H   DATA     BYTE      P0MDIN
*SFR* 000000A4H   DATA     BYTE      P0MDOUT
*SFR* 000000D4H   DATA     BYTE      P0SKIP
*SFR* 00000090H   DATA     BYTE      P1
*SFR* 000000BFH   DATA     BYTE      P1MASK
*SFR* 000000CFH   DATA     BYTE      P1MAT
*SFR* 000000F2H   DATA     BYTE      P1MDIN
*SFR* 000000A5H   DATA     BYTE      P1MDOUT
*SFR* 000000D5H   DATA     BYTE      P1SKIP
*SFR* 000000D8H   DATA     BYTE      PCA0CN
*SFR* 000000FCH   DATA     BYTE      PCA0CPH0
*SFR* 000000EAH   DATA     BYTE      PCA0CPH1
*SFR* 000000ECH   DATA     BYTE      PCA0CPH2
*SFR* 000000FBH   DATA     BYTE      PCA0CPL0
*SFR* 000000E9H   DATA     BYTE      PCA0CPL1
*SFR* 000000EBH   DATA     BYTE      PCA0CPL2
*SFR* 000000DAH   DATA     BYTE      PCA0CPM0
*SFR* 000000DBH   DATA     BYTE      PCA0CPM1
*SFR* 000000DCH   DATA     BYTE      PCA0CPM2
*SFR* 000000FAH   DATA     BYTE      PCA0H
*SFR* 000000F9H   DATA     BYTE      PCA0L
*SFR* 000000D9H   DATA     BYTE      PCA0MD
      01000047H   CODE     ---       PCA_Init
      0100004EH   CODE     ---       pca_intr
*SFR* 00000087H   DATA     BYTE      PCON
      0100041FH   CODE     ---       Port_IO_Init
*SFR* 000000B8H.4 DATA     BIT       PS0
*SFR* 0000008FH   DATA     BYTE      PSCTL
*SFR* 000000B8H.6 DATA     BIT       PSPI0
*SFR* 000000D0H   DATA     BYTE      PSW
*SFR* 000000B8H.1 DATA     BIT       PT0
*SFR* 000000B8H.3 DATA     BIT       PT1
*SFR* 000000B8H.5 DATA     BIT       PT2
*SFR* 00000090H.5 DATA     BIT       PTT
*SFR* 00000090H.1 DATA     BIT       PTTM_N
*SFR* 000000B8H   DATA     BIT       PX0
*SFR* 000000B8H.2 DATA     BIT       PX1
*SFR* 00000098H.2 DATA     BIT       RB80
*SFR* 000000D1H   DATA     BYTE      REF0CN
*SFR* 000000C9H   DATA     BYTE      REG0CN
*SFR* 00000098H.4 DATA     BIT       REN0
      0100040AH   CODE     ---       Reset_Sources_Init
*SFR* 00000098H   DATA     BIT       RI0
*SFR* 000000D0H.3 DATA     BIT       RS0
*SFR* 000000D0H.4 DATA     BIT       RS1
*SFR* 000000EFH   DATA     BYTE      RSTSRC
*SFR* 000000F8H.4 DATA     BIT       RXOVRN
*SFR* 00000098H.7 DATA     BIT       S0MODE
*SFR* 00000099H   DATA     BYTE      SBUF0
*SFR* 00000098H   DATA     BYTE      SCON0
*SFR* 00000081H   DATA     BYTE      SP
*SFR* 000000A1H   DATA     BYTE      SPI0CFG
*SFR* 000000A2H   DATA     BYTE      SPI0CKR
*SFR* 000000F8H   DATA     BYTE      SPI0CN
*SFR* 000000A3H   DATA     BYTE      SPI0DAT
      01000020H   CODE     ---       SPI_Init
*SFR* 000000F8H   DATA     BIT       SPIEN
*SFR* 000000F8H.7 DATA     BIT       SPIF
*SFR* 000000C8H.1 DATA     BIT       T2RCLK
*SFR* 000000C8H.3 DATA     BIT       T2SPLIT
LX51 LINKER/LOCATER V4.66.62.0                                                        07/24/2019  20:38:06  PAGE 6


*SFR* 000000C8H   DATA     BIT       T2XCLK
*SFR* 00000098H.3 DATA     BIT       TB80
*SFR* 00000088H   DATA     BYTE      TCON
*SFR* 00000088H.5 DATA     BIT       TF0
*SFR* 00000088H.7 DATA     BIT       TF1
*SFR* 000000C8H.4 DATA     BIT       TF2CEN
*SFR* 000000C8H.7 DATA     BIT       TF2H
*SFR* 000000C8H.6 DATA     BIT       TF2L
*SFR* 000000C8H.5 DATA     BIT       TF2LEN
*SFR* 0000008CH   DATA     BYTE      TH0
*SFR* 0000008DH   DATA     BYTE      TH1
*SFR* 00000098H.1 DATA     BIT       TI0
      0100038DH   CODE     ---       Timer2_ISR
      0100002EH   CODE     ---       Timer_Init
*SFR* 0000008AH   DATA     BYTE      TL0
*SFR* 0000008BH   DATA     BYTE      TL1
*SFR* 00000089H   DATA     BYTE      TMOD
*SFR* 000000C8H   DATA     BYTE      TMR2CN
*SFR* 000000CDH   DATA     BYTE      TMR2H
*SFR* 000000CCH   DATA     BYTE      TMR2L
*SFR* 000000CBH   DATA     BYTE      TMR2RLH
*SFR* 000000CAH   DATA     BYTE      TMR2RLL
*SFR* 00000088H.4 DATA     BIT       TR0
*SFR* 00000088H.6 DATA     BIT       TR1
*SFR* 000000C8H.2 DATA     BIT       TR2
*SFR* 000000F8H.1 DATA     BIT       TXBMT
      01000433H   CODE     ---       UART_Init
*SFR* 00000090H.3 DATA     BIT       UP
*SFR* 000000FFH   DATA     BYTE      VDDMON
      0200002AH   XDATA    WORD      waittimer
*SFR* 000000F8H.6 DATA     BIT       WCOL
*SFR* 000000E1H   DATA     BYTE      XBR0
*SFR* 000000E2H   DATA     BYTE      XBR1



IGNORED SEGMENTS:
   ?CO?MAIN



SYMBOL TABLE OF MODULE:  HM133dtmf (?C_STARTUP)

      VALUE       REP       CLASS    TYPE      SYMBOL NAME
      ====================================================
      ---         MODULE    ---      ---       ?C_STARTUP
      01000000H   PUBLIC    CODE     ---       ?C_STARTUP
      000000E0H   SYMBOL    DATA     ---       ACC
      000000F0H   SYMBOL    DATA     ---       B
      00000083H   SYMBOL    DATA     ---       DPH
      00000082H   SYMBOL    DATA     ---       DPL
      00000000H   SYMBOL    NUMBER   ---       IBPSTACK
      00000100H   SYMBOL    NUMBER   ---       IBPSTACKTOP
      00000080H   SYMBOL    NUMBER   ---       IDATALEN
      010002FAH   SYMBOL    CODE     ---       IDATALOOP
      00000000H   SYMBOL    NUMBER   ---       PBPSTACK
      00000100H   SYMBOL    NUMBER   ---       PBPSTACKTOP
      000000D9H   SYMBOL    NUMBER   ---       PCA0MD
      00000000H   SYMBOL    NUMBER   ---       PDATALEN
      00000000H   SYMBOL    NUMBER   ---       PDATASTART
      00000000H   SYMBOL    NUMBER   ---       PPAGE
      00000000H   SYMBOL    NUMBER   ---       PPAGEENABLE
      000000A0H   SYMBOL    DATA     ---       PPAGE_SFR
      00000081H   SYMBOL    DATA     ---       SP
      010002F7H   SYMBOL    CODE     ---       STARTUP1
LX51 LINKER/LOCATER V4.66.62.0                                                        07/24/2019  20:38:06  PAGE 7


      00000001H   SYMBOL    NUMBER   ---       XBPSTACK
      00000000H   SYMBOL    NUMBER   ---       XBPSTACKTOP
      00000000H   SYMBOL    NUMBER   ---       XDATALEN
      00000000H   SYMBOL    NUMBER   ---       XDATASTART
      01000000H   LINE      CODE     ---       #128
      010002F7H   LINE      CODE     ---       #135
      010002F9H   LINE      CODE     ---       #136
      010002FAH   LINE      CODE     ---       #137
      010002FBH   LINE      CODE     ---       #138
      010002FDH   LINE      CODE     ---       #178
      01000300H   LINE      CODE     ---       #179
      01000303H   LINE      CODE     ---       #187
      01000306H   LINE      CODE     ---       #198
      01000308H   LINE      CODE     ---       #199
      0100030AH   LINE      CODE     ---       #200

      ---         MODULE    ---      ---       MAIN
      02000042H   PUBLIC    XDATA    ---       hm_status_buf
      02000041H   PUBLIC    XDATA    BYTE      hm_hptr
      0200002DH   PUBLIC    XDATA    ---       hm_buf
      0200002CH   PUBLIC    XDATA    BYTE      hm_ctptr
      0200002AH   PUBLIC    XDATA    WORD      waittimer
      02000029H   PUBLIC    XDATA    BYTE      hm_chptr
      02000027H   PUBLIC    XDATA    WORD      hmd_timer
      02000026H   PUBLIC    XDATA    BYTE      iplTMR
      02000024H   PUBLIC    XDATA    WORD      hmkey_timer
      02000023H   PUBLIC    XDATA    BYTE      dbounce_tmr
      0200000FH   PUBLIC    XDATA    ---       hm_cap_buf
      0200000EH   PUBLIC    XDATA    BYTE      hm_tptr
   S1:00000034H   PUBLIC    CONST    ---       key_addr
   S1:0000001AH   PUBLIC    CONST    ---       key_code
   S1:00000000H   PUBLIC    CONST    ---       fnkey_code
      0100038DH   PUBLIC    CODE     ---       Timer2_ISR
      0100004EH   PUBLIC    CODE     ---       pca_intr
      01000003H   PUBLIC    CODE     ---       _wait
      010003C3H   PUBLIC    CODE     ---       main
      000000D8H.2 SFRSYM    DATA     BIT       CCF2
      00000098H.3 SFRSYM    DATA     BIT       TB80
      000000A2H   SFRSYM    DATA     BYTE      SPI0CKR
      00000093H   SFRSYM    DATA     BYTE      LINDATA
      00000080H   SFRSYM    DATA     BYTE      P0
      00000090H   SFRSYM    DATA     BIT       DMUTE
      000000F8H   SFRSYM    DATA     BIT       SPIEN
      00000092H   SFRSYM    DATA     BYTE      LINADDR
      00000090H   SFRSYM    DATA     BYTE      P1
      000000BCH   SFRSYM    DATA     BYTE      ADC0CF
      000000D0H.6 SFRSYM    DATA     BIT       AC
      000000E6H   SFRSYM    DATA     BYTE      EIE1
      000000A8H.7 SFRSYM    DATA     BIT       EA
      00000098H.5 SFRSYM    DATA     BIT       MCE0
      0000008FH   SFRSYM    DATA     BYTE      PSCTL
      000000D8H.7 SFRSYM    DATA     BIT       CF
      000000E4H   SFRSYM    DATA     BYTE      IT01CF
      000000E8H   SFRSYM    DATA     BYTE      ADC0CN
      000000A4H   SFRSYM    DATA     BYTE      P0MDOUT
      000000A5H   SFRSYM    DATA     BYTE      P1MDOUT
      000000CBH   SFRSYM    DATA     BYTE      TMR2RLH
      000000B0H   SFRSYM    DATA     BYTE      OSCIFIN
      000000A8H   SFRSYM    DATA     BYTE      IE
      000000F6H   SFRSYM    DATA     BYTE      EIP1
      000000F8H.1 SFRSYM    DATA     BIT       TXBMT
      00000090H.4 SFRSYM    DATA     BIT       DN
      000000FCH   SFRSYM    DATA     BYTE      PCA0CPH0
      000000CAH   SFRSYM    DATA     BYTE      TMR2RLL
      000000EAH   SFRSYM    DATA     BYTE      PCA0CPH1
LX51 LINKER/LOCATER V4.66.62.0                                                        07/24/2019  20:38:06  PAGE 8


      000000ECH   SFRSYM    DATA     BYTE      PCA0CPH2
      000000D8H.6 SFRSYM    DATA     BIT       CR
      000000C8H.3 SFRSYM    DATA     BIT       T2SPLIT
      000000C8H.7 SFRSYM    DATA     BIT       TF2H
      00000098H.4 SFRSYM    DATA     BIT       REN0
      000000FBH   SFRSYM    DATA     BYTE      PCA0CPL0
      000000E9H   SFRSYM    DATA     BYTE      PCA0CPL1
      000000DAH   SFRSYM    DATA     BYTE      PCA0CPM0
      000000D9H   SFRSYM    DATA     BYTE      PCA0MD
      000000D8H   SFRSYM    DATA     BYTE      PCA0CN
      000000EBH   SFRSYM    DATA     BYTE      PCA0CPL2
      000000DBH   SFRSYM    DATA     BYTE      PCA0CPM1
      000000C8H.6 SFRSYM    DATA     BIT       TF2L
      000000DCH   SFRSYM    DATA     BYTE      PCA0CPM2
      000000BAH   SFRSYM    DATA     BYTE      ADC0TK
      000000B8H   SFRSYM    DATA     BYTE      IP
      000000D0H.7 SFRSYM    DATA     BIT       CY
      000000E1H   SFRSYM    DATA     BYTE      XBR0
      000000E2H   SFRSYM    DATA     BYTE      XBR1
      000000BBH   SFRSYM    DATA     BYTE      ADC0MX
      000000D1H   SFRSYM    DATA     BYTE      REF0CN
      000000C9H   SFRSYM    DATA     BYTE      REG0CN
      000000E8H.5 SFRSYM    DATA     BIT       AD0INT
      00000081H   SFRSYM    DATA     BYTE      SP
      000000C8H.4 SFRSYM    DATA     BIT       TF2CEN
      00000090H.3 SFRSYM    DATA     BIT       UP
      000000D0H.2 SFRSYM    DATA     BIT       OV
      000000E8H.6 SFRSYM    DATA     BIT       BURSTEN
      000000F8H.5 SFRSYM    DATA     BIT       MODF
      00000098H.7 SFRSYM    DATA     BIT       S0MODE
      000000F1H   SFRSYM    DATA     BYTE      P0MDIN
      0000009DH   SFRSYM    DATA     BYTE      CPT0MD
      0000009BH   SFRSYM    DATA     BYTE      CPT0CN
      000000F2H   SFRSYM    DATA     BYTE      P1MDIN
      000000C8H.5 SFRSYM    DATA     BIT       TF2LEN
      000000C7H   SFRSYM    DATA     BYTE      P0MASK
      000000F8H   SFRSYM    DATA     BYTE      SPI0CN
      000000BFH   SFRSYM    DATA     BYTE      P1MASK
      00000087H   SFRSYM    DATA     BYTE      PCON
      000000F8H.7 SFRSYM    DATA     BIT       SPIF
      000000C8H.1 SFRSYM    DATA     BIT       T2RCLK
      00000089H   SFRSYM    DATA     BYTE      TMOD
      00000088H   SFRSYM    DATA     BYTE      TCON
      000000F8H.6 SFRSYM    DATA     BIT       WCOL
      000000F8H.2 SFRSYM    DATA     BIT       NSSMD0
      00000090H.6 SFRSYM    DATA     BIT       MMUTE_N
      000000F8H.3 SFRSYM    DATA     BIT       NSSMD1
      000000C8H   SFRSYM    DATA     BYTE      TMR2CN
      000000D4H   SFRSYM    DATA     BYTE      P0SKIP
      000000C8H   SFRSYM    DATA     BIT       T2XCLK
      000000D5H   SFRSYM    DATA     BYTE      P1SKIP
      00000088H.1 SFRSYM    DATA     BIT       IE0
      0000009FH   SFRSYM    DATA     BYTE      CPT0MX
      00000088H.3 SFRSYM    DATA     BIT       IE1
      000000B3H   SFRSYM    DATA     BYTE      OSCICL
      000000A9H   SFRSYM    DATA     BYTE      CLKSEL
      000000F0H   SFRSYM    DATA     BYTE      B
      000000BEH   SFRSYM    DATA     BYTE      ADC0H
      000000B2H   SFRSYM    DATA     BYTE      OSCICN
      000000BDH   SFRSYM    DATA     BYTE      ADC0L
      000000E0H   SFRSYM    DATA     BYTE      ACC
      000000A8H.4 SFRSYM    DATA     BIT       ES0
      000000E8H.7 SFRSYM    DATA     BIT       AD0EN
      000000A8H.1 SFRSYM    DATA     BIT       ET0
      000000A8H.3 SFRSYM    DATA     BIT       ET1
LX51 LINKER/LOCATER V4.66.62.0                                                        07/24/2019  20:38:06  PAGE 9


      00000088H.5 SFRSYM    DATA     BIT       TF0
      000000FFH   SFRSYM    DATA     BYTE      VDDMON
      000000A8H.5 SFRSYM    DATA     BIT       ET2
      00000098H   SFRSYM    DATA     BIT       RI0
      00000088H.7 SFRSYM    DATA     BIT       TF1
      0000008CH   SFRSYM    DATA     BYTE      TH0
      000000A8H   SFRSYM    DATA     BIT       EX0
      00000098H.1 SFRSYM    DATA     BIT       TI0
      00000088H   SFRSYM    DATA     BIT       IT0
      000000FAH   SFRSYM    DATA     BYTE      PCA0H
      0000008DH   SFRSYM    DATA     BYTE      TH1
      000000A8H.2 SFRSYM    DATA     BIT       EX1
      00000088H.2 SFRSYM    DATA     BIT       IT1
      000000D0H   SFRSYM    DATA     BIT       P
      000000B1H   SFRSYM    DATA     BYTE      OSCXCN
      0000008AH   SFRSYM    DATA     BYTE      TL0
      000000F9H   SFRSYM    DATA     BYTE      PCA0L
      0000008BH   SFRSYM    DATA     BYTE      TL1
      000000B8H.4 SFRSYM    DATA     BIT       PS0
      000000B8H.1 SFRSYM    DATA     BIT       PT0
      000000D0H.3 SFRSYM    DATA     BIT       RS0
      000000B8H.3 SFRSYM    DATA     BIT       PT1
      000000D0H.4 SFRSYM    DATA     BIT       RS1
      000000B8H.5 SFRSYM    DATA     BIT       PT2
      00000088H.4 SFRSYM    DATA     BIT       TR0
      00000088H.6 SFRSYM    DATA     BIT       TR1
      000000C8H.2 SFRSYM    DATA     BIT       TR2
      000000B8H   SFRSYM    DATA     BIT       PX0
      000000B8H.2 SFRSYM    DATA     BIT       PX1
      00000083H   SFRSYM    DATA     BYTE      DPH
      000000C4H   SFRSYM    DATA     BYTE      ADC0GTH
      00000082H   SFRSYM    DATA     BYTE      DPL
      000000C3H   SFRSYM    DATA     BYTE      ADC0GTL
      00000099H   SFRSYM    DATA     BYTE      SBUF0
      000000A8H.6 SFRSYM    DATA     BIT       ESPI0
      000000C6H   SFRSYM    DATA     BYTE      ADC0LTH
      000000EFH   SFRSYM    DATA     BYTE      RSTSRC
      000000D7H   SFRSYM    DATA     BYTE      P0MAT
      000000CFH   SFRSYM    DATA     BYTE      P1MAT
      00000098H   SFRSYM    DATA     BYTE      SCON0
      000000C5H   SFRSYM    DATA     BYTE      ADC0LTL
      00000090H.7 SFRSYM    DATA     BIT       MDATA
      000000B8H.6 SFRSYM    DATA     BIT       PSPI0
      00000095H   SFRSYM    DATA     BYTE      LINCF
      000000CDH   SFRSYM    DATA     BYTE      TMR2H
      000000A1H   SFRSYM    DATA     BYTE      SPI0CFG
      0000008EH   SFRSYM    DATA     BYTE      CKCON
      000000F8H.4 SFRSYM    DATA     BIT       RXOVRN
      000000CCH   SFRSYM    DATA     BYTE      TMR2L
      00000090H.1 SFRSYM    DATA     BIT       PTTM_N
      000000E8H.2 SFRSYM    DATA     BIT       AD0LJST
      000000D0H.5 SFRSYM    DATA     BIT       F0
      000000E8H   SFRSYM    DATA     BIT       AD0CM0
      000000D0H.1 SFRSYM    DATA     BIT       F1
      000000E8H.1 SFRSYM    DATA     BIT       AD0CM1
      000000A3H   SFRSYM    DATA     BYTE      SPI0DAT
      00000090H.5 SFRSYM    DATA     BIT       PTT
      000000E8H.3 SFRSYM    DATA     BIT       AD0WINT
      000000E8H.4 SFRSYM    DATA     BIT       AD0BUSY
      000000D0H   SFRSYM    DATA     BYTE      PSW
      000000D8H   SFRSYM    DATA     BIT       CCF0
      00000098H.2 SFRSYM    DATA     BIT       RB80
      000000B7H   SFRSYM    DATA     BYTE      FLKEY
      000000D8H.1 SFRSYM    DATA     BIT       CCF1

LX51 LINKER/LOCATER V4.66.62.0                                                        07/24/2019  20:38:06  PAGE 10


      010003C3H   BLOCK     CODE     ---       LVL=0
      010003C3H   BLOCK     CODE     NEAR LAB  LVL=1
      00000020H.0 SYMBOL    BIT      BIT       ipl
      ---         BLOCKEND  ---      ---       LVL=1
      010003C3H   LINE      CODE     ---       #167
      010003C3H   LINE      CODE     ---       #168
      010003C3H   LINE      CODE     ---       #197
      010003C6H   LINE      CODE     ---       #199
      010003C9H   LINE      CODE     ---       #200
      010003CBH   LINE      CODE     ---       #201
      010003CDH   LINE      CODE     ---       #202
      010003CFH   LINE      CODE     ---       #203
      010003D1H   LINE      CODE     ---       #204
      010003D3H   LINE      CODE     ---       #205
      010003D5H   LINE      CODE     ---       #206
      010003D7H   LINE      CODE     ---       #210
      010003DDH   LINE      CODE     ---       #211
      010003DFH   LINE      CODE     ---       #212
      010003E6H   LINE      CODE     ---       #214
      010003EBH   LINE      CODE     ---       #216
      010003EEH   LINE      CODE     ---       #217
      010003EEH   LINE      CODE     ---       #219
      010003F0H   LINE      CODE     ---       #223
      010003F0H   LINE      CODE     ---       #224
      ---         BLOCKEND  ---      ---       LVL=0

      01000003H   BLOCK     CODE     ---       LVL=0
      00000006H   SYMBOL    DATA     WORD      waitms
      01000003H   LINE      CODE     ---       #235
      01000003H   LINE      CODE     ---       #236
      01000003H   LINE      CODE     ---       #238
      0100000BH   LINE      CODE     ---       #239
      01000015H   LINE      CODE     ---       #240
      0100001FH   LINE      CODE     ---       #241
      ---         BLOCKEND  ---      ---       LVL=0

      0100004EH   BLOCK     CODE     ---       LVL=0
      0100005BH   BLOCK     CODE     NEAR LAB  LVL=1
      02000000H   SYMBOL    XDATA    DWORD     dmask
      02000004H   SYMBOL    XDATA    DWORD     hm_data
      02000008H   SYMBOL    XDATA    BYTE      hm_status
      02000009H   SYMBOL    XDATA    DWORD     last_edge
      0200000DH   SYMBOL    XDATA    BYTE      bit_count
      00000012H   SYMBOL    DATA     BYTE      temp
      02000047H   SYMBOL    XDATA    DWORD     captim
      0200004BH   SYMBOL    XDATA    DWORD     captemp
      ---         BLOCKEND  ---      ---       LVL=1
      0100004EH   LINE      CODE     ---       #337
      0100005BH   LINE      CODE     ---       #355
      01000061H   LINE      CODE     ---       #357
      01000063H   LINE      CODE     ---       #359
      01000070H   LINE      CODE     ---       #360
      01000088H   LINE      CODE     ---       #361
      0100009DH   LINE      CODE     ---       #362
      010000B7H   LINE      CODE     ---       #363
      010000B9H   LINE      CODE     ---       #364
      010000CBH   LINE      CODE     ---       #365
      010000CBH   LINE      CODE     ---       #366
      010000E1H   LINE      CODE     ---       #367
      010000EDH   LINE      CODE     ---       #368
      010000F7H   LINE      CODE     ---       #370
      01000101H   LINE      CODE     ---       #371
      01000106H   LINE      CODE     ---       #372
      01000110H   LINE      CODE     ---       #373
      01000115H   LINE      CODE     ---       #374
LX51 LINKER/LOCATER V4.66.62.0                                                        07/24/2019  20:38:06  PAGE 11


      0100011DH   LINE      CODE     ---       #375
      01000120H   LINE      CODE     ---       #376
      01000129H   LINE      CODE     ---       #377
      0100013CH   LINE      CODE     ---       #378
      0100013CH   LINE      CODE     ---       #379
      0100013CH   LINE      CODE     ---       #380
      0100013EH   LINE      CODE     ---       #381
      01000151H   LINE      CODE     ---       #382
      01000166H   LINE      CODE     ---       #383
      01000177H   LINE      CODE     ---       #384
      0100017DH   LINE      CODE     ---       #385
      0100017FH   LINE      CODE     ---       #386
      01000192H   LINE      CODE     ---       #387
      0100019CH   LINE      CODE     ---       #388
      010001A6H   LINE      CODE     ---       #389
      010001ABH   LINE      CODE     ---       #390
      010001B2H   LINE      CODE     ---       #397
      010001B4H   LINE      CODE     ---       #398
      010001BBH   LINE      CODE     ---       #399
      010001BBH   LINE      CODE     ---       #400
      010001BBH   LINE      CODE     ---       #401
      010001BBH   LINE      CODE     ---       #402
      010001C3H   LINE      CODE     ---       #403
      010001C9H   LINE      CODE     ---       #404
      010001E0H   LINE      CODE     ---       #405
      010001F8H   LINE      CODE     ---       #406
      01000203H   LINE      CODE     ---       #407
      01000211H   LINE      CODE     ---       #408
      0100021BH   LINE      CODE     ---       #409
      01000225H   LINE      CODE     ---       #410
      0100022BH   LINE      CODE     ---       #411
      01000230H   LINE      CODE     ---       #412
      01000230H   LINE      CODE     ---       #413
      01000230H   LINE      CODE     ---       #414
      01000230H   LINE      CODE     ---       #416
      01000233H   LINE      CODE     ---       #417
      01000235H   LINE      CODE     ---       #418
      01000235H   LINE      CODE     ---       #420
      ---         BLOCKEND  ---      ---       LVL=0

      0100038DH   BLOCK     CODE     ---       LVL=0
      0100038DH   LINE      CODE     ---       #432
      0100039AH   LINE      CODE     ---       #435
      0100039CH   LINE      CODE     ---       #436
      010003A6H   LINE      CODE     ---       #437
      010003B0H   LINE      CODE     ---       #438
      010003B0H   LINE      CODE     ---       #439
      010003B6H   LINE      CODE     ---       #440
      010003B8H   LINE      CODE     ---       #441
      010003B8H   LINE      CODE     ---       #443
      010003B8H   LINE      CODE     ---       #444
      010003B8H   LINE      CODE     ---       #448
      ---         BLOCKEND  ---      ---       LVL=0

      ---         MODULE    ---      ---       ?C_INIT
      01000348H   PUBLIC    CODE     ---       ?C_START
      00000000H   SYMBOL    NUMBER   ---       ?C_INIT
      000000E0H   SYMBOL    DATA     ---       ACC
      0100033BH   SYMBOL    CODE     ---       BITREADY
      01000322H   SYMBOL    CODE     ---       BITS
      0100031DH   SYMBOL    CODE     ---       COMMON
      00000083H   SYMBOL    DATA     ---       DPH
      00000082H   SYMBOL    DATA     ---       DPL
      0100030DH   SYMBOL    CODE     ---       INITEND
      01000310H   SYMBOL    CODE     ---       IORPDATA
LX51 LINKER/LOCATER V4.66.62.0                                                        07/24/2019  20:38:06  PAGE 12


      01000314H   SYMBOL    CODE     ---       IORPLOOP
      01000334H   SYMBOL    CODE     ---       LOADTAB
      0100034BH   SYMBOL    CODE     ---       LOOP
      01000361H   SYMBOL    CODE     ---       NOBIG
      000000FEH   SYMBOL    NUMBER   ---       PCA0CPH4
      0100031CH   SYMBOL    CODE     ---       PDATA
      0100033AH   SYMBOL    CODE     ---       SETZEN
      01000340H   SYMBOL    CODE     ---       TABLE
      0100036AH   SYMBOL    CODE     ---       XDATAMEM
      01000372H   SYMBOL    CODE     ---       XLOOP
      0100030DH   LINE      CODE     ---       #105
      01000310H   LINE      CODE     ---       #108
      01000311H   LINE      CODE     ---       #108
      01000312H   LINE      CODE     ---       #108
      01000313H   LINE      CODE     ---       #108
      01000314H   LINE      CODE     ---       #108
      01000315H   LINE      CODE     ---       #108
      01000316H   LINE      CODE     ---       #108
      01000317H   LINE      CODE     ---       #108
      01000319H   LINE      CODE     ---       #108
      0100031AH   LINE      CODE     ---       #108
      0100031CH   LINE      CODE     ---       #108
      0100031DH   LINE      CODE     ---       #108
      0100031EH   LINE      CODE     ---       #108
      01000320H   LINE      CODE     ---       #108
      01000322H   LINE      CODE     ---       #111
      01000323H   LINE      CODE     ---       #112
      01000324H   LINE      CODE     ---       #113
      01000325H   LINE      CODE     ---       #114
      01000326H   LINE      CODE     ---       #115
      01000328H   LINE      CODE     ---       #116
      0100032AH   LINE      CODE     ---       #117
      0100032BH   LINE      CODE     ---       #118
      0100032CH   LINE      CODE     ---       #119
      0100032DH   LINE      CODE     ---       #120
      0100032EH   LINE      CODE     ---       #121
      01000330H   LINE      CODE     ---       #122
      01000332H   LINE      CODE     ---       #123
      01000333H   LINE      CODE     ---       #124
      01000334H   LINE      CODE     ---       #125
      01000336H   LINE      CODE     ---       #126
      01000337H   LINE      CODE     ---       #127
      01000338H   LINE      CODE     ---       #128
      0100033AH   LINE      CODE     ---       #129
      0100033BH   LINE      CODE     ---       #130
      0100033CH   LINE      CODE     ---       #131
      0100033EH   LINE      CODE     ---       #132
      01000348H   LINE      CODE     ---       #145
      0100034BH   LINE      CODE     ---       #148
      0100034CH   LINE      CODE     ---       #149
      0100034EH   LINE      CODE     ---       #150
      0100034FH   LINE      CODE     ---       #151
      01000351H   LINE      CODE     ---       #152
      01000352H   LINE      CODE     ---       #153
      01000353H   LINE      CODE     ---       #154
      01000355H   LINE      CODE     ---       #155
      01000358H   LINE      CODE     ---       #156
      0100035AH   LINE      CODE     ---       #157
      0100035BH   LINE      CODE     ---       #158
      0100035CH   LINE      CODE     ---       #159
      0100035DH   LINE      CODE     ---       #160
      0100035EH   LINE      CODE     ---       #161
      01000360H   LINE      CODE     ---       #162
      01000361H   LINE      CODE     ---       #163
      01000362H   LINE      CODE     ---       #210
LX51 LINKER/LOCATER V4.66.62.0                                                        07/24/2019  20:38:06  PAGE 13


      01000364H   LINE      CODE     ---       #211
      01000366H   LINE      CODE     ---       #212
      01000368H   LINE      CODE     ---       #213
      0100036AH   LINE      CODE     ---       #215
      0100036BH   LINE      CODE     ---       #216
      0100036CH   LINE      CODE     ---       #217
      0100036DH   LINE      CODE     ---       #218
      0100036EH   LINE      CODE     ---       #219
      0100036FH   LINE      CODE     ---       #220
      01000370H   LINE      CODE     ---       #221
      01000371H   LINE      CODE     ---       #222
      01000372H   LINE      CODE     ---       #223
      01000373H   LINE      CODE     ---       #224
      01000374H   LINE      CODE     ---       #225
      01000375H   LINE      CODE     ---       #226
      01000376H   LINE      CODE     ---       #227
      01000378H   LINE      CODE     ---       #228
      01000379H   LINE      CODE     ---       #229
      0100037AH   LINE      CODE     ---       #230
      0100037CH   LINE      CODE     ---       #231
      0100037DH   LINE      CODE     ---       #235
      0100037EH   LINE      CODE     ---       #239
      0100037FH   LINE      CODE     ---       #240
      01000380H   LINE      CODE     ---       #241
      01000382H   LINE      CODE     ---       #242
      01000383H   LINE      CODE     ---       #243
      01000384H   LINE      CODE     ---       #244
      01000386H   LINE      CODE     ---       #245
      01000387H   LINE      CODE     ---       #246
      01000389H   LINE      CODE     ---       #247
      0100038BH   LINE      CODE     ---       #248

      ---         MODULE    ---      ---       F300_INIT
      010003F2H   PUBLIC    CODE     ---       Init_Device
      0100042CH   PUBLIC    CODE     ---       Interrupts_Init
      01000437H   PUBLIC    CODE     ---       Oscillator_Init
      0100041FH   PUBLIC    CODE     ---       Port_IO_Init
      01000020H   PUBLIC    CODE     ---       SPI_Init
      01000433H   PUBLIC    CODE     ---       UART_Init
      0100002EH   PUBLIC    CODE     ---       Timer_Init
      01000047H   PUBLIC    CODE     ---       PCA_Init
      0100040AH   PUBLIC    CODE     ---       Reset_Sources_Init
      000000D8H.2 SFRSYM    DATA     BIT       CCF2
      00000098H.3 SFRSYM    DATA     BIT       TB80
      000000A2H   SFRSYM    DATA     BYTE      SPI0CKR
      00000093H   SFRSYM    DATA     BYTE      LINDATA
      00000080H   SFRSYM    DATA     BYTE      P0
      000000F8H   SFRSYM    DATA     BIT       SPIEN
      00000092H   SFRSYM    DATA     BYTE      LINADDR
      00000090H   SFRSYM    DATA     BYTE      P1
      000000BCH   SFRSYM    DATA     BYTE      ADC0CF
      000000D0H.6 SFRSYM    DATA     BIT       AC
      000000E6H   SFRSYM    DATA     BYTE      EIE1
      000000A8H.7 SFRSYM    DATA     BIT       EA
      00000098H.5 SFRSYM    DATA     BIT       MCE0
      0000008FH   SFRSYM    DATA     BYTE      PSCTL
      000000D8H.7 SFRSYM    DATA     BIT       CF
      000000E4H   SFRSYM    DATA     BYTE      IT01CF
      000000E8H   SFRSYM    DATA     BYTE      ADC0CN
      000000A4H   SFRSYM    DATA     BYTE      P0MDOUT
      000000A5H   SFRSYM    DATA     BYTE      P1MDOUT
      000000CBH   SFRSYM    DATA     BYTE      TMR2RLH
      000000B0H   SFRSYM    DATA     BYTE      OSCIFIN
      000000A8H   SFRSYM    DATA     BYTE      IE
      000000F6H   SFRSYM    DATA     BYTE      EIP1
LX51 LINKER/LOCATER V4.66.62.0                                                        07/24/2019  20:38:06  PAGE 14


      000000F8H.1 SFRSYM    DATA     BIT       TXBMT
      000000FCH   SFRSYM    DATA     BYTE      PCA0CPH0
      000000CAH   SFRSYM    DATA     BYTE      TMR2RLL
      000000EAH   SFRSYM    DATA     BYTE      PCA0CPH1
      000000ECH   SFRSYM    DATA     BYTE      PCA0CPH2
      000000D8H.6 SFRSYM    DATA     BIT       CR
      000000C8H.3 SFRSYM    DATA     BIT       T2SPLIT
      000000C8H.7 SFRSYM    DATA     BIT       TF2H
      00000098H.4 SFRSYM    DATA     BIT       REN0
      000000FBH   SFRSYM    DATA     BYTE      PCA0CPL0
      000000E9H   SFRSYM    DATA     BYTE      PCA0CPL1
      000000DAH   SFRSYM    DATA     BYTE      PCA0CPM0
      000000D9H   SFRSYM    DATA     BYTE      PCA0MD
      000000D8H   SFRSYM    DATA     BYTE      PCA0CN
      000000EBH   SFRSYM    DATA     BYTE      PCA0CPL2
      000000DBH   SFRSYM    DATA     BYTE      PCA0CPM1
      000000C8H.6 SFRSYM    DATA     BIT       TF2L
      000000DCH   SFRSYM    DATA     BYTE      PCA0CPM2
      000000BAH   SFRSYM    DATA     BYTE      ADC0TK
      000000B8H   SFRSYM    DATA     BYTE      IP
      000000D0H.7 SFRSYM    DATA     BIT       CY
      000000E1H   SFRSYM    DATA     BYTE      XBR0
      000000E2H   SFRSYM    DATA     BYTE      XBR1
      000000BBH   SFRSYM    DATA     BYTE      ADC0MX
      000000D1H   SFRSYM    DATA     BYTE      REF0CN
      000000C9H   SFRSYM    DATA     BYTE      REG0CN
      000000E8H.5 SFRSYM    DATA     BIT       AD0INT
      00000081H   SFRSYM    DATA     BYTE      SP
      000000C8H.4 SFRSYM    DATA     BIT       TF2CEN
      000000D0H.2 SFRSYM    DATA     BIT       OV
      000000E8H.6 SFRSYM    DATA     BIT       BURSTEN
      000000F8H.5 SFRSYM    DATA     BIT       MODF
      00000098H.7 SFRSYM    DATA     BIT       S0MODE
      000000F1H   SFRSYM    DATA     BYTE      P0MDIN
      0000009DH   SFRSYM    DATA     BYTE      CPT0MD
      0000009BH   SFRSYM    DATA     BYTE      CPT0CN
      000000F2H   SFRSYM    DATA     BYTE      P1MDIN
      000000C8H.5 SFRSYM    DATA     BIT       TF2LEN
      000000C7H   SFRSYM    DATA     BYTE      P0MASK
      000000F8H   SFRSYM    DATA     BYTE      SPI0CN
      000000BFH   SFRSYM    DATA     BYTE      P1MASK
      00000087H   SFRSYM    DATA     BYTE      PCON
      000000F8H.7 SFRSYM    DATA     BIT       SPIF
      000000C8H.1 SFRSYM    DATA     BIT       T2RCLK
      00000089H   SFRSYM    DATA     BYTE      TMOD
      00000088H   SFRSYM    DATA     BYTE      TCON
      000000F8H.6 SFRSYM    DATA     BIT       WCOL
      000000F8H.2 SFRSYM    DATA     BIT       NSSMD0
      000000F8H.3 SFRSYM    DATA     BIT       NSSMD1
      000000C8H   SFRSYM    DATA     BYTE      TMR2CN
      000000D4H   SFRSYM    DATA     BYTE      P0SKIP
      000000C8H   SFRSYM    DATA     BIT       T2XCLK
      000000D5H   SFRSYM    DATA     BYTE      P1SKIP
      00000088H.1 SFRSYM    DATA     BIT       IE0
      0000009FH   SFRSYM    DATA     BYTE      CPT0MX
      00000088H.3 SFRSYM    DATA     BIT       IE1
      000000B3H   SFRSYM    DATA     BYTE      OSCICL
      000000A9H   SFRSYM    DATA     BYTE      CLKSEL
      000000F0H   SFRSYM    DATA     BYTE      B
      000000BEH   SFRSYM    DATA     BYTE      ADC0H
      000000B2H   SFRSYM    DATA     BYTE      OSCICN
      000000BDH   SFRSYM    DATA     BYTE      ADC0L
      000000E0H   SFRSYM    DATA     BYTE      ACC
      000000A8H.4 SFRSYM    DATA     BIT       ES0
      000000E8H.7 SFRSYM    DATA     BIT       AD0EN
LX51 LINKER/LOCATER V4.66.62.0                                                        07/24/2019  20:38:06  PAGE 15


      000000A8H.1 SFRSYM    DATA     BIT       ET0
      000000A8H.3 SFRSYM    DATA     BIT       ET1
      00000088H.5 SFRSYM    DATA     BIT       TF0
      000000FFH   SFRSYM    DATA     BYTE      VDDMON
      000000A8H.5 SFRSYM    DATA     BIT       ET2
      00000098H   SFRSYM    DATA     BIT       RI0
      00000088H.7 SFRSYM    DATA     BIT       TF1
      0000008CH   SFRSYM    DATA     BYTE      TH0
      000000A8H   SFRSYM    DATA     BIT       EX0
      00000098H.1 SFRSYM    DATA     BIT       TI0
      00000088H   SFRSYM    DATA     BIT       IT0
      000000FAH   SFRSYM    DATA     BYTE      PCA0H
      0000008DH   SFRSYM    DATA     BYTE      TH1
      000000A8H.2 SFRSYM    DATA     BIT       EX1
      00000088H.2 SFRSYM    DATA     BIT       IT1
      000000D0H   SFRSYM    DATA     BIT       P
      000000B1H   SFRSYM    DATA     BYTE      OSCXCN
      0000008AH   SFRSYM    DATA     BYTE      TL0
      000000F9H   SFRSYM    DATA     BYTE      PCA0L
      0000008BH   SFRSYM    DATA     BYTE      TL1
      000000B8H.4 SFRSYM    DATA     BIT       PS0
      000000B8H.1 SFRSYM    DATA     BIT       PT0
      000000D0H.3 SFRSYM    DATA     BIT       RS0
      000000B8H.3 SFRSYM    DATA     BIT       PT1
      000000D0H.4 SFRSYM    DATA     BIT       RS1
      000000B8H.5 SFRSYM    DATA     BIT       PT2
      00000088H.4 SFRSYM    DATA     BIT       TR0
      00000088H.6 SFRSYM    DATA     BIT       TR1
      000000C8H.2 SFRSYM    DATA     BIT       TR2
      000000B8H   SFRSYM    DATA     BIT       PX0
      000000B8H.2 SFRSYM    DATA     BIT       PX1
      00000083H   SFRSYM    DATA     BYTE      DPH
      000000C4H   SFRSYM    DATA     BYTE      ADC0GTH
      00000082H   SFRSYM    DATA     BYTE      DPL
      000000C3H   SFRSYM    DATA     BYTE      ADC0GTL
      00000099H   SFRSYM    DATA     BYTE      SBUF0
      000000A8H.6 SFRSYM    DATA     BIT       ESPI0
      000000C6H   SFRSYM    DATA     BYTE      ADC0LTH
      000000EFH   SFRSYM    DATA     BYTE      RSTSRC
      000000D7H   SFRSYM    DATA     BYTE      P0MAT
      000000CFH   SFRSYM    DATA     BYTE      P1MAT
      00000098H   SFRSYM    DATA     BYTE      SCON0
      000000C5H   SFRSYM    DATA     BYTE      ADC0LTL
      000000B8H.6 SFRSYM    DATA     BIT       PSPI0
      00000095H   SFRSYM    DATA     BYTE      LINCF
      000000CDH   SFRSYM    DATA     BYTE      TMR2H
      000000A1H   SFRSYM    DATA     BYTE      SPI0CFG
      0000008EH   SFRSYM    DATA     BYTE      CKCON
      000000F8H.4 SFRSYM    DATA     BIT       RXOVRN
      000000CCH   SFRSYM    DATA     BYTE      TMR2L
      000000E8H.2 SFRSYM    DATA     BIT       AD0LJST
      000000D0H.5 SFRSYM    DATA     BIT       F0
      000000E8H   SFRSYM    DATA     BIT       AD0CM0
      000000D0H.1 SFRSYM    DATA     BIT       F1
      000000E8H.1 SFRSYM    DATA     BIT       AD0CM1
      000000A3H   SFRSYM    DATA     BYTE      SPI0DAT
      000000E8H.3 SFRSYM    DATA     BIT       AD0WINT
      000000E8H.4 SFRSYM    DATA     BIT       AD0BUSY
      000000D0H   SFRSYM    DATA     BYTE      PSW
      000000D8H   SFRSYM    DATA     BIT       CCF0
      00000098H.2 SFRSYM    DATA     BIT       RB80
      000000B7H   SFRSYM    DATA     BYTE      FLKEY
      000000D8H.1 SFRSYM    DATA     BIT       CCF1

      0100040AH   BLOCK     CODE     ---       LVL=0
LX51 LINKER/LOCATER V4.66.62.0                                                        07/24/2019  20:38:06  PAGE 16


      0100040AH   BLOCK     CODE     NEAR LAB  LVL=1
      00000006H   SYMBOL    DATA     INT       i
      ---         BLOCKEND  ---      ---       LVL=1
      0100040AH   LINE      CODE     ---       #10
      0100040AH   LINE      CODE     ---       #11
      0100040AH   LINE      CODE     ---       #12
      0100040DH   LINE      CODE     ---       #13
      01000410H   LINE      CODE     ---       #14
      0100041BH   LINE      CODE     ---       #15
      0100041EH   LINE      CODE     ---       #16
      ---         BLOCKEND  ---      ---       LVL=0

      01000047H   BLOCK     CODE     ---       LVL=0
      01000047H   LINE      CODE     ---       #18
      01000047H   LINE      CODE     ---       #19
      01000047H   LINE      CODE     ---       #21
      0100004AH   LINE      CODE     ---       #22
      ---         BLOCKEND  ---      ---       LVL=0

      0100002EH   BLOCK     CODE     ---       LVL=0
      0100002EH   LINE      CODE     ---       #24
      0100002EH   LINE      CODE     ---       #25
      0100002EH   LINE      CODE     ---       #26
      01000031H   LINE      CODE     ---       #27
      01000034H   LINE      CODE     ---       #28
      01000037H   LINE      CODE     ---       #29
      0100003AH   LINE      CODE     ---       #30
      0100003DH   LINE      CODE     ---       #31
      01000040H   LINE      CODE     ---       #32
      01000043H   LINE      CODE     ---       #33
      01000046H   LINE      CODE     ---       #34
      ---         BLOCKEND  ---      ---       LVL=0

      01000433H   BLOCK     CODE     ---       LVL=0
      01000433H   LINE      CODE     ---       #36
      01000433H   LINE      CODE     ---       #37
      01000433H   LINE      CODE     ---       #38
      01000436H   LINE      CODE     ---       #39
      ---         BLOCKEND  ---      ---       LVL=0

      01000020H   BLOCK     CODE     ---       LVL=0
      01000020H   LINE      CODE     ---       #41
      01000020H   LINE      CODE     ---       #42
      01000020H   LINE      CODE     ---       #43
      01000023H   LINE      CODE     ---       #44
      01000026H   LINE      CODE     ---       #45
      01000029H   LINE      CODE     ---       #46
      ---         BLOCKEND  ---      ---       LVL=0

      0100041FH   BLOCK     CODE     ---       LVL=0
      0100041FH   LINE      CODE     ---       #48
      0100041FH   LINE      CODE     ---       #49
      0100041FH   LINE      CODE     ---       #68
      01000422H   LINE      CODE     ---       #69
      01000425H   LINE      CODE     ---       #70
      01000428H   LINE      CODE     ---       #71
      0100042BH   LINE      CODE     ---       #72
      ---         BLOCKEND  ---      ---       LVL=0

      01000437H   BLOCK     CODE     ---       LVL=0
      01000437H   LINE      CODE     ---       #74
      01000437H   LINE      CODE     ---       #75
      01000437H   LINE      CODE     ---       #76
      0100043AH   LINE      CODE     ---       #77
      ---         BLOCKEND  ---      ---       LVL=0
LX51 LINKER/LOCATER V4.66.62.0                                                        07/24/2019  20:38:06  PAGE 17



      0100042CH   BLOCK     CODE     ---       LVL=0
      0100042CH   LINE      CODE     ---       #79
      0100042CH   LINE      CODE     ---       #80
      0100042CH   LINE      CODE     ---       #81
      0100042FH   LINE      CODE     ---       #82
      01000432H   LINE      CODE     ---       #83
      ---         BLOCKEND  ---      ---       LVL=0

      010003F2H   BLOCK     CODE     ---       LVL=0
      010003F2H   LINE      CODE     ---       #87
      010003F2H   LINE      CODE     ---       #88
      010003F2H   LINE      CODE     ---       #89
      010003F5H   LINE      CODE     ---       #90
      010003F8H   LINE      CODE     ---       #91
      010003FBH   LINE      CODE     ---       #92
      010003FEH   LINE      CODE     ---       #93
      01000401H   LINE      CODE     ---       #94
      01000404H   LINE      CODE     ---       #95
      01000407H   LINE      CODE     ---       #96
      ---         BLOCKEND  ---      ---       LVL=0

      ---         MODULE    ---      ---       ?C?IILDX
      01000240H   PUBLIC    CODE     ---       ?C?IILDX

      ---         MODULE    ---      ---       ?C?LADD
      01000256H   PUBLIC    CODE     ---       ?C?LADD

      ---         MODULE    ---      ---       ?C?LSUB
      01000263H   PUBLIC    CODE     ---       ?C?LSUB

      ---         MODULE    ---      ---       ?C?LOR
      01000271H   PUBLIC    CODE     ---       ?C?LOR

      ---         MODULE    ---      ---       ?C?ULCMP
      0100027EH   PUBLIC    CODE     ---       ?C?ULCMP

      ---         MODULE    ---      ---       ?C?LSHL
      0100028FH   PUBLIC    CODE     ---       ?C?LSHL

      ---         MODULE    ---      ---       ?C?LLDXDATA
      010002A2H   PUBLIC    CODE     ---       ?C?LLDXDATA

      ---         MODULE    ---      ---       ?C?LLDXDATA0
      010002AEH   PUBLIC    CODE     ---       ?C?LLDXDATA0

      ---         MODULE    ---      ---       ?C?LSTXDATA
      010002BAH   PUBLIC    CODE     ---       ?C?LSTXDATA

      ---         MODULE    ---      ---       ?C?LSTKXDATA
      010002C6H   PUBLIC    CODE     ---       ?C?LSTKXDATA

      ---         MODULE    ---      ---       ?C_XBP
      00000008H   PUBLIC    DATA     ---       ?C_XBP



*** WARNING L16: UNCALLED SEGMENT, IGNORED FOR OVERLAY PROCESS
    NAME:    ?CO?MAIN

*** ERROR L108: SEGMENT IN LOCATING CONTROL CANNOT BE ALLOCATED
    SPACE:   CONST
    SEGMENT: ?CO?MAIN
    LENGTH:  000068H   

LX51 LINKER/LOCATER V4.66.62.0                                                        07/24/2019  20:38:06  PAGE 18


*** ERROR L120: CONTENT BELONGS TO ERRONEOUS SEGMENT
    SEGMENT: ?CO?MAIN

Program Size: data=58.1 xdata=79 const=104 code=1083
LX51 RUN COMPLETE.  1 WARNING(S),  2 ERROR(S)
